exports[`test renders correctly 1`] = `
<WrapperLabel
  text="My label">
  <styled.div>
    <div
      className="hgoCNT">
      <styled.div>
        <div
          className="eFyCaC">
          My label
        </div>
      </styled.div>
      <input
        type="text" />
    </div>
  </styled.div>
</WrapperLabel>
`;
